src/modules/features/feature-flags.controller.ts(113,25): error TS2551: Property 'role' does not exist on type 'JwtPayload'. Did you mean 'roles'?
src/modules/features/feature-flags.controller.ts(127,25): error TS2551: Property 'role' does not exist on type 'JwtPayload'. Did you mean 'roles'?
src/modules/features/feature-flags.controller.ts(141,25): error TS2551: Property 'role' does not exist on type 'JwtPayload'. Did you mean 'roles'?
src/modules/menu-config/menu-config.controller.ts(35,22): error TS18048: 'user.roleLevel' is possibly 'undefined'.
